// Jest Snapshot v1, https://goo.gl/fbAQLP

exports[`Renders the initial component 1`] = `
<div
  className="overViewMainContainer"
>
  <div
    className="navbarContainer"
  >
    <nav
      className="navbar"
    >
      <div
        className="logo"
      >
         Logo 
      </div>
      <div
        className="search"
      >
         Search 
      </div>
    </nav>
  </div>
  <div
    className="overViewContainer"
  >
    <div
      className="imageGalleryContainer"
    >
      <div
        className="imageGalleryComponentContainer"
      >
        ImageGallery
        <div
          className="mainImage"
        >
          Main Image
          <div
            className="thumbnailImagesContainer"
          >
            thumbnails
          </div>
          <div
            className="downArrow"
          />
          <div
            className="forwardArrow"
          />
          <div
            className="backArrow"
          />
        </div>
      </div>
    </div>
    <div
      className="productInfoContainer"
    >
      <div
        className="ratingContainer"
      >
        <div
          className="ratingComponentContainer"
        >
          <div
            className="ratingStars"
          >
             Stars 
          </div>
          <a
            href="#"
          >
             Read all reviews 
          </a>
        </div>
      </div>
      <div
        className="categoryContainer"
      >
        <div>
          Category
        </div>
      </div>
      <div
        className="titleContainer"
      >
        <div>
          Title
        </div>
      </div>
      <div
        className="priceContainer"
      >
        <div>
          Price
        </div>
      </div>
      <div
        className="styleSelectorContainer"
      >
        <div
          className="styleComponentContainer"
        >
          <div
            className="styleText"
          >
            STYLE &gt; Selected Style
          </div>
          <div
            className="styleThumbnailsGrid"
          >
            <div
              className="thumbnail"
            />
            <div
              className="thumbnail"
            />
            <div
              className="thumbnail"
            />
            <div
              className="thumbnail"
            />
            <div
              className="thumbnail"
            />
            <div
              className="thumbnail"
            />
            <div
              className="thumbnail"
            />
            <div
              className="thumbnail"
            />
          </div>
        </div>
      </div>
      <div
        className="sizeAndQuantityContainer"
      >
        <div
          className="sizeSelectorContainer"
        >
          <select
            className="buttonsAndDropdowns sizeSelectorDropdown"
            defaultValue="SELECT SIZE"
          >
            <option
              disabled={true}
            >
               SELECT SIZE 
            </option>
            <option>
               S 
            </option>
            <option>
               M 
            </option>
            <option>
               L 
            </option>
          </select>
        </div>
        <div
          className="quantitySelectorContainer"
        >
          <select
            className="buttonsAndDropdowns quantitySelectorDropdown"
            defaultValue="1"
          >
            <option
              disabled={true}
            >
               SELECT QUANTITY 
            </option>
            <option
              value="1"
            >
               1 
            </option>
            <option
              value="2"
            >
               2 
            </option>
            <option
              value="3"
            >
               3 
            </option>
          </select>
        </div>
      </div>
      <div
        className="addToBagAndStarContainer"
      >
        <div
          className="addToCartContainer"
        >
          <button
            className="buttonsAndDropdowns addToCartButton"
          >
            <div>
               ADD TO CART 
            </div>
            <div>
               + 
            </div>
          </button>
        </div>
        <div
          className="starContainer"
        >
          <button
            className="buttonsAndDropdowns starButton"
          >
             STAR 
          </button>
        </div>
      </div>
    </div>
  </div>
  <div
    className="productDescriptionContainer"
  >
    <div
      className="productDescription"
    >
      productDescription
    </div>
  </div>
</div>
`;
